<Enum(name='FunLittleEnum')>
    bitfield = False
    comments = EnumComments(name='FunLittleEnum', reqular=None, repeat=None)
    flag = 1179648
    is_from_til = True
    name = FunLittleEnum
    tid = 18374686479671623820
    width = 4
